// Jest Snapshot v1, https://goo.gl/fbAQLP

exports[`DestinationTable should render an empty table 1`] = `
<div>
  <Segment>
    <DestinationRow
      id={1}
      name=""
    />
  </Segment>
</div>
`;
